// Jest Snapshot v1, https://goo.gl/fbAQLP

exports[`Pruebas en <DasboardRoutes /> debe mostrarse correctamente  1`] = `
Array [
  <nav
    className="navbar navbar-expand-sm navbar-dark bg-dark"
  >
    <a
      className="navbar-brand"
      href="/"
      onClick={[Function]}
    >
      Asociaciones
    </a>
    <div
      className="navbar-collapse"
    >
      <div
        className="navbar-nav"
      >
        <a
          aria-current="page"
          className="nav-item nav-link active"
          href="/marvel"
          onClick={[Function]}
          style={Object {}}
        >
          Marvel
        </a>
        <a
          aria-current={null}
          className="nav-item nav-link"
          href="/dc"
          onClick={[Function]}
        >
          DC
        </a>
        <a
          aria-current={null}
          className="nav-item nav-link"
          href="/search"
          onClick={[Function]}
        >
          Search
        </a>
      </div>
    </div>
    <div
      className="navbar-collapse collapse w-100 order-3 dual-collapse2"
    >
      <ul
        className="navbar-nav ms-auto"
      >
        <span
          className="nav-item nav-link text-info align-self-end"
        />
      </ul>
    </div>
    <div
      className="navbar-collapse collapse w-200 order-3 dual-collapse2"
    >
      <ul
        className="navbar-nav ms-auto"
      >
        <button
          className="nav-item nav-link btn"
          onClick={[Function]}
        >
          Logout
        </button>
      </ul>
    </div>
  </nav>,
  <div
    className="container mt-3"
  >
    <div>
      <h1>
        Marvel Screen
      </h1>
      <hr />
      <div
        className="container"
      >
        <div
          className="container"
        >
          <div
            className="row row-cols-3 animate__animated animate__backInDown"
          >
            <div
              className="col"
            >
              <div
                className="row row-cols-2"
                style={
                  Object {
                    "maxWidth": 540,
                  }
                }
              >
                <div
                  className="card-body"
                >
                  <img
                    alt="{superhero}"
                    className="card-img-top"
                    src="./assets/heroes/marvel-spider.jpg"
                  />
                </div>
                <div
                  className="card-body"
                >
                  <h5
                    className="card-title"
                  >
                    Spider Man
                  </h5>
                  <p
                    className="card-text-center"
                  >
                    Peter Parker
                  </p>
                  <p
                    className="card-text"
                  >
                    <small>
                      Amazing Fantasy #15
                    </small>
                  </p>
                  <a
                    className="link-info"
                    href="/hero/marvel-spider"
                    onClick={[Function]}
                  >
                    Mas...
                  </a>
                </div>
              </div>
            </div>
            <div
              className="col"
            >
              <div
                className="row row-cols-2"
                style={
                  Object {
                    "maxWidth": 540,
                  }
                }
              >
                <div
                  className="card-body"
                >
                  <img
                    alt="{superhero}"
                    className="card-img-top"
                    src="./assets/heroes/marvel-captain.jpg"
                  />
                </div>
                <div
                  className="card-body"
                >
                  <h5
                    className="card-title"
                  >
                    Captain America
                  </h5>
                  <p
                    className="card-text-center"
                  >
                    Steve Rogers
                  </p>
                  <p
                    className="card-text"
                  >
                    <small>
                      Captain America Comics #1
                    </small>
                  </p>
                  <a
                    className="link-info"
                    href="/hero/marvel-captain"
                    onClick={[Function]}
                  >
                    Mas...
                  </a>
                </div>
              </div>
            </div>
            <div
              className="col"
            >
              <div
                className="row row-cols-2"
                style={
                  Object {
                    "maxWidth": 540,
                  }
                }
              >
                <div
                  className="card-body"
                >
                  <img
                    alt="{superhero}"
                    className="card-img-top"
                    src="./assets/heroes/marvel-iron.jpg"
                  />
                </div>
                <div
                  className="card-body"
                >
                  <h5
                    className="card-title"
                  >
                    Iron Man
                  </h5>
                  <p
                    className="card-text-center"
                  >
                    Tony Stark
                  </p>
                  <p
                    className="card-text"
                  >
                    <small>
                      Tales of Suspense #39
                    </small>
                  </p>
                  <a
                    className="link-info"
                    href="/hero/marvel-iron"
                    onClick={[Function]}
                  >
                    Mas...
                  </a>
                </div>
              </div>
            </div>
            <div
              className="col"
            >
              <div
                className="row row-cols-2"
                style={
                  Object {
                    "maxWidth": 540,
                  }
                }
              >
                <div
                  className="card-body"
                >
                  <img
                    alt="{superhero}"
                    className="card-img-top"
                    src="./assets/heroes/marvel-thor.jpg"
                  />
                </div>
                <div
                  className="card-body"
                >
                  <h5
                    className="card-title"
                  >
                    Thor
                  </h5>
                  <p
                    className="card-text-center"
                  >
                    Thor Odinson
                  </p>
                  <p
                    className="card-text"
                  >
                    <small>
                      Journey into Myster #83
                    </small>
                  </p>
                  <a
                    className="link-info"
                    href="/hero/marvel-thor"
                    onClick={[Function]}
                  >
                    Mas...
                  </a>
                </div>
              </div>
            </div>
            <div
              className="col"
            >
              <div
                className="row row-cols-2"
                style={
                  Object {
                    "maxWidth": 540,
                  }
                }
              >
                <div
                  className="card-body"
                >
                  <img
                    alt="{superhero}"
                    className="card-img-top"
                    src="./assets/heroes/marvel-hulk.jpg"
                  />
                </div>
                <div
                  className="card-body"
                >
                  <h5
                    className="card-title"
                  >
                    Hulk
                  </h5>
                  <p
                    className="card-text-center"
                  >
                    Bruce Banner
                  </p>
                  <p
                    className="card-text"
                  >
                    <small>
                      The Incredible Hulk #1
                    </small>
                  </p>
                  <a
                    className="link-info"
                    href="/hero/marvel-hulk"
                    onClick={[Function]}
                  >
                    Mas...
                  </a>
                </div>
              </div>
            </div>
            <div
              className="col"
            >
              <div
                className="row row-cols-2"
                style={
                  Object {
                    "maxWidth": 540,
                  }
                }
              >
                <div
                  className="card-body"
                >
                  <img
                    alt="{superhero}"
                    className="card-img-top"
                    src="./assets/heroes/marvel-wolverine.jpg"
                  />
                </div>
                <div
                  className="card-body"
                >
                  <h5
                    className="card-title"
                  >
                    Wolverine
                  </h5>
                  <p
                    className="card-text-center"
                  >
                    James Howlett
                  </p>
                  <p
                    className="card-text"
                  >
                    <small>
                      The Incredible Hulk #180
                    </small>
                  </p>
                  <a
                    className="link-info"
                    href="/hero/marvel-wolverine"
                    onClick={[Function]}
                  >
                    Mas...
                  </a>
                </div>
              </div>
            </div>
            <div
              className="col"
            >
              <div
                className="row row-cols-2"
                style={
                  Object {
                    "maxWidth": 540,
                  }
                }
              >
                <div
                  className="card-body"
                >
                  <img
                    alt="{superhero}"
                    className="card-img-top"
                    src="./assets/heroes/marvel-daredevil.jpg"
                  />
                </div>
                <div
                  className="card-body"
                >
                  <h5
                    className="card-title"
                  >
                    Daredevil
                  </h5>
                  <p
                    className="card-text-center"
                  >
                    Matthew Michael Murdock
                  </p>
                  <p
                    className="card-text"
                  >
                    <small>
                      Daredevil #1
                    </small>
                  </p>
                  <a
                    className="link-info"
                    href="/hero/marvel-daredevil"
                    onClick={[Function]}
                  >
                    Mas...
                  </a>
                </div>
              </div>
            </div>
            <div
              className="col"
            >
              <div
                className="row row-cols-2"
                style={
                  Object {
                    "maxWidth": 540,
                  }
                }
              >
                <div
                  className="card-body"
                >
                  <img
                    alt="{superhero}"
                    className="card-img-top"
                    src="./assets/heroes/marvel-hawkeye.jpg"
                  />
                </div>
                <div
                  className="card-body"
                >
                  <h5
                    className="card-title"
                  >
                    Hawkeye
                  </h5>
                  <p
                    className="card-text-center"
                  >
                    Clinton Francis Barton
                  </p>
                  <p
                    className="card-text"
                  >
                    <small>
                      Tales of Suspense #57
                    </small>
                  </p>
                  <a
                    className="link-info"
                    href="/hero/marvel-hawkeye"
                    onClick={[Function]}
                  >
                    Mas...
                  </a>
                </div>
              </div>
            </div>
            <div
              className="col"
            >
              <div
                className="row row-cols-2"
                style={
                  Object {
                    "maxWidth": 540,
                  }
                }
              >
                <div
                  className="card-body"
                >
                  <img
                    alt="{superhero}"
                    className="card-img-top"
                    src="./assets/heroes/marvel-cyclops.jpg"
                  />
                </div>
                <div
                  className="card-body"
                >
                  <h5
                    className="card-title"
                  >
                    Cyclops
                  </h5>
                  <p
                    className="card-text-center"
                  >
                    Scott Summers
                  </p>
                  <p
                    className="card-text"
                  >
                    <small>
                      X-Men #1
                    </small>
                  </p>
                  <a
                    className="link-info"
                    href="/hero/marvel-cyclops"
                    onClick={[Function]}
                  >
                    Mas...
                  </a>
                </div>
              </div>
            </div>
            <div
              className="col"
            >
              <div
                className="row row-cols-2"
                style={
                  Object {
                    "maxWidth": 540,
                  }
                }
              >
                <div
                  className="card-body"
                >
                  <img
                    alt="{superhero}"
                    className="card-img-top"
                    src="./assets/heroes/marvel-silver.jpg"
                  />
                </div>
                <div
                  className="card-body"
                >
                  <h5
                    className="card-title"
                  >
                    Silver Surfer
                  </h5>
                  <p
                    className="card-text-center"
                  >
                    Norrin Radd
                  </p>
                  <p
                    className="card-text"
                  >
                    <small>
                      The Fantastic Four #48
                    </small>
                  </p>
                  <a
                    className="link-info"
                    href="/hero/marvel-silver"
                    onClick={[Function]}
                  >
                    Mas...
                  </a>
                </div>
              </div>
            </div>
          </div>
        </div>
      </div>
    </div>
  </div>,
]
`;
